// Bun Snapshot v1, https://bun.sh/docs/test/snapshots

exports[`scripted solo round: every shot and where it lands 1`] = `
{
  "over": true,
  "shots": [
    {
      "arrowId": 0,
      "direction": {
        "x": -0.2692,
        "y": 0.2079,
        "z": -0.9404,
      },
      "kind": "arrow",
      "landing": {
        "arrowId": 0,
        "direction": {
          "x": -0.2473,
          "y": -0.4389,
          "z": -0.8639,
        },
        "kind": "arrow",
        "outcome": "landed",
        "point": {
          "x": -1.9776,
          "y": 0,
          "z": -4.7712,
        },
        "source": 0,
        "surface": "court",
        "target": undefined,
        "tick": 84,
        "type": "impact",
      },
      "outcome": undefined,
      "point": {
        "x": 1.185,
        "y": 1.5964,
        "z": 6.2779,
      },
      "source": 0,
      "speed": 13.1215,
      "surface": undefined,
      "target": undefined,
      "tick": 30,
      "type": "shot",
    },
    {
      "arrowId": 1,
      "direction": {
        "x": 0.212,
        "y": 0.2079,
        "z": 0.9549,
      },
      "kind": "arrow",
      "landing": {
        "arrowId": 1,
        "direction": {
          "x": 0.1952,
          "y": -0.4346,
          "z": 0.8792,
        },
        "kind": "arrow",
        "outcome": "landed",
        "point": {
          "x": 5.3897,
          "y": 0,
          "z": 7.0404,
        },
        "source": 2,
        "surface": "court",
        "target": undefined,
        "tick": 105,
        "type": "impact",
      },
      "outcome": undefined,
      "point": {
        "x": 2.9601,
        "y": 1.5986,
        "z": -3.9012,
      },
      "source": 2,
      "speed": 12.9819,
      "surface": undefined,
      "target": undefined,
      "tick": 52,
      "type": "shot",
    },
    {
      "arrowId": 4,
      "direction": {
        "x": 0.715,
        "y": 0.2079,
        "z": 0.6675,
      },
      "kind": "arrow",
      "landing": {
        "arrowId": 4,
        "direction": {
          "x": 0.6645,
          "y": -0.4167,
          "z": 0.6203,
        },
        "kind": "arrow",
        "outcome": "recovered",
        "point": {
          "x": 5.9028,
          "y": -0.0232,
          "z": 5.5672,
        },
        "source": 1,
        "surface": "void",
        "target": undefined,
        "tick": 110,
        "type": "impact",
      },
      "outcome": undefined,
      "point": {
        "x": -3.5716,
        "y": 1.5988,
        "z": -3.2776,
      },
      "source": 1,
      "speed": 14.2311,
      "surface": undefined,
      "target": undefined,
      "tick": 54,
      "type": "shot",
    },
    {
      "arrowId": 3,
      "direction": {
        "x": 0.1318,
        "y": 0.2079,
        "z": 0.9692,
      },
      "kind": "arrow",
      "landing": {
        "arrowId": 3,
        "direction": {
          "x": 0.1202,
          "y": -0.4522,
          "z": 0.8838,
        },
        "kind": "arrow",
        "outcome": "landed",
        "point": {
          "x": -0.0516,
          "y": 0,
          "z": 7.6953,
        },
        "source": 2,
        "surface": "court",
        "target": undefined,
        "tick": 148,
        "type": "impact",
      },
      "outcome": undefined,
      "point": {
        "x": -1.505,
        "y": 1.603,
        "z": -2.9944,
      },
      "source": 2,
      "speed": 12.5387,
      "surface": undefined,
      "target": undefined,
      "tick": 95,
      "type": "shot",
    },
    {
      "arrowId": 0,
      "direction": {
        "x": -0.0334,
        "y": 0.2079,
        "z": 0.9776,
      },
      "kind": "arrow",
      "landing": {
        "arrowId": 0,
        "direction": {
          "x": -0.0312,
          "y": -0.4038,
          "z": 0.9143,
        },
        "kind": "arrow",
        "outcome": "landed",
        "point": {
          "x": -2.739,
          "y": 0,
          "z": 10.9662,
        },
        "source": 2,
        "surface": "court",
        "target": undefined,
        "tick": 201,
        "type": "impact",
      },
      "outcome": undefined,
      "point": {
        "x": -2.2724,
        "y": 1.6079,
        "z": -2.6883,
      },
      "source": 2,
      "speed": 14.8696,
      "surface": undefined,
      "target": undefined,
      "tick": 144,
      "type": "shot",
    },
    {
      "arrowId": 2,
      "direction": {
        "x": -0.9228,
        "y": 0.2079,
        "z": 0.3242,
      },
      "kind": "arrow",
      "landing": {
        "arrowId": 2,
        "direction": {
          "x": -0.902,
          "y": -0.2933,
          "z": 0.3169,
        },
        "kind": "arrow",
        "outcome": "recovered",
        "point": {
          "x": -13.1404,
          "y": 0.0301,
          "z": 8.6279,
        },
        "source": 1,
        "surface": "void",
        "target": undefined,
        "tick": 257,
        "type": "impact",
      },
      "outcome": undefined,
      "point": {
        "x": 3.2716,
        "y": 1.606,
        "z": 2.8617,
      },
      "source": 1,
      "speed": 15.4904,
      "surface": undefined,
      "target": undefined,
      "tick": 183,
      "type": "shot",
    },
    {
      "arrowId": 4,
      "direction": {
        "x": -0.8621,
        "y": 0.2079,
        "z": 0.4621,
      },
      "kind": "arrow",
      "landing": {
        "arrowId": 4,
        "direction": {
          "x": -0.7068,
          "y": -0.5975,
          "z": 0.3788,
        },
        "kind": "arrow",
        "outcome": "landed",
        "point": {
          "x": -2.3036,
          "y": 0,
          "z": 5.9106,
        },
        "source": 1,
        "surface": "court",
        "target": undefined,
        "tick": 299,
        "type": "impact",
      },
      "outcome": undefined,
      "point": {
        "x": 2.8215,
        "y": 1.61,
        "z": 3.1635,
      },
      "source": 1,
      "speed": 7.961,
      "surface": undefined,
      "target": undefined,
      "tick": 254,
      "type": "shot",
    },
    {
      "arrowId": 1,
      "direction": {
        "x": -0.5914,
        "y": 0.2079,
        "z": 0.7791,
      },
      "kind": "arrow",
      "landing": {
        "arrowId": 1,
        "direction": {
          "x": -0.5437,
          "y": -0.4373,
          "z": 0.7163,
        },
        "kind": "arrow",
        "outcome": "nearMiss",
        "point": {
          "x": 1.9267,
          "y": 0.9664,
          "z": 6.3916,
        },
        "source": 2,
        "surface": undefined,
        "target": 0,
        "tick": 333,
        "type": "impact",
      },
      "outcome": undefined,
      "point": {
        "x": 4.5711,
        "y": 1.6086,
        "z": 2.9077,
      },
      "source": 2,
      "speed": 7.961,
      "surface": undefined,
      "target": undefined,
      "tick": 299,
      "type": "shot",
    },
    {
      "arrowId": 3,
      "direction": {
        "x": -0.9779,
        "y": 0.2079,
        "z": 0.0228,
      },
      "kind": "arrow",
      "landing": {
        "arrowId": 3,
        "direction": {
          "x": -0.8017,
          "y": -0.5975,
          "z": 0.0187,
        },
        "kind": "arrow",
        "outcome": "landed",
        "point": {
          "x": -4.1859,
          "y": 0,
          "z": 7.1263,
        },
        "source": 0,
        "surface": "court",
        "target": undefined,
        "tick": 375,
        "type": "impact",
      },
      "outcome": undefined,
      "point": {
        "x": 1.6276,
        "y": 1.6102,
        "z": 6.9907,
      },
      "source": 0,
      "speed": 7.961,
      "surface": undefined,
      "target": undefined,
      "tick": 330,
      "type": "shot",
    },
    {
      "arrowId": 4,
      "direction": {
        "x": 0.8131,
        "y": 0.2079,
        "z": 0.5438,
      },
      "kind": "arrow",
      "landing": {
        "arrowId": 4,
        "direction": {
          "x": 0.7262,
          "y": -0.4866,
          "z": 0.4857,
        },
        "kind": "arrow",
        "outcome": "landed",
        "point": {
          "x": 3.8072,
          "y": 0,
          "z": 9.0961,
        },
        "source": 1,
        "surface": "court",
        "target": undefined,
        "tick": 430,
        "type": "impact",
      },
      "outcome": undefined,
      "point": {
        "x": -3.6405,
        "y": 1.6099,
        "z": 4.1149,
      },
      "source": 1,
      "speed": 11.0427,
      "surface": undefined,
      "target": undefined,
      "tick": 380,
      "type": "shot",
    },
    {
      "arrowId": 1,
      "direction": {
        "x": 0.885,
        "y": 0.2079,
        "z": -0.4166,
      },
      "kind": "arrow",
      "landing": {
        "arrowId": 1,
        "direction": {
          "x": 0.9046,
          "y": -0.0182,
          "z": -0.4258,
        },
        "kind": "arrow",
        "outcome": "nearMiss",
        "point": {
          "x": -0.3187,
          "y": 1.7414,
          "z": 9.6877,
        },
        "source": 2,
        "surface": undefined,
        "target": 0,
        "tick": 428,
        "type": "impact",
      },
      "outcome": undefined,
      "point": {
        "x": -1.7282,
        "y": 1.6099,
        "z": 10.3512,
      },
      "source": 2,
      "speed": 7.961,
      "surface": undefined,
      "target": undefined,
      "tick": 416,
      "type": "shot",
    },
    {
      "arrowId": 3,
      "direction": {
        "x": 0.3515,
        "y": 0.2079,
        "z": 0.9128,
      },
      "kind": "arrow",
      "landing": null,
      "outcome": undefined,
      "point": {
        "x": -4.5825,
        "y": 1.6058,
        "z": 3.2863,
      },
      "source": 1,
      "speed": 8.7015,
      "surface": undefined,
      "target": undefined,
      "tick": 452,
      "type": "shot",
    },
    {
      "arrowId": 0,
      "direction": {
        "x": 0.8569,
        "y": 0.2079,
        "z": -0.4717,
      },
      "kind": "arrow",
      "landing": {
        "arrowId": 0,
        "direction": {
          "x": 0.8642,
          "y": -0.164,
          "z": -0.4757,
        },
        "kind": "arrow",
        "outcome": "eliminated",
        "point": {
          "x": -2.6624,
          "y": 1.6523,
          "z": 9.3345,
        },
        "source": 2,
        "surface": "unit",
        "target": 0,
        "tick": 477,
        "type": "impact",
      },
      "outcome": undefined,
      "point": {
        "x": -4.7276,
        "y": 1.6099,
        "z": 10.4808,
      },
      "source": 2,
      "speed": 7.961,
      "surface": undefined,
      "target": undefined,
      "tick": 459,
      "type": "shot",
    },
  ],
  "ticks": 478,
  "units": [
    {
      "alive": false,
      "id": 0,
      "position": {
        "x": -2.4593,
        "y": 1.0099,
        "z": 8.9813,
      },
    },
    {
      "alive": true,
      "id": 1,
      "position": {
        "x": -3.8503,
        "y": 1.0086,
        "z": 6.177,
      },
    },
    {
      "alive": true,
      "id": 2,
      "position": {
        "x": -4.9327,
        "y": 1.01,
        "z": 7.5675,
      },
    },
  ],
  "winner": "B",
}
`;

exports[`host plus guest round: fact stream and final positions 1`] = `
{
  "cards": {
    "guest": [
      "ROUND WON",
    ],
    "host": [
      "ROUND LOST",
    ],
  },
  "guestFacts": [
    {
      "arrowId": 0,
      "direction": {
        "x": -0.1522,
        "y": 0.2079,
        "z": -0.9662,
      },
      "kind": "arrow",
      "outcome": undefined,
      "point": {
        "x": 2.187,
        "y": 1.6034,
        "z": 7.4073,
      },
      "source": 0,
      "surface": undefined,
      "target": undefined,
      "type": "shot",
    },
    {
      "arrowId": undefined,
      "direction": {
        "x": -1,
        "y": 0,
        "z": 0,
      },
      "kind": undefined,
      "outcome": undefined,
      "point": {
        "x": -1.2741,
        "y": 1.0052,
        "z": -8,
      },
      "source": 1,
      "surface": undefined,
      "target": undefined,
      "type": "dash",
    },
    {
      "arrowId": 0,
      "direction": {
        "x": -0.1436,
        "y": -0.3841,
        "z": -0.9121,
      },
      "kind": "arrow",
      "outcome": "landed",
      "point": {
        "x": -0.2723,
        "y": 0,
        "z": -8.2106,
      },
      "source": 0,
      "surface": "court",
      "target": undefined,
      "type": "impact",
    },
    {
      "arrowId": 1,
      "direction": {
        "x": 0.0131,
        "y": 0.2079,
        "z": 0.9781,
      },
      "kind": "arrow",
      "outcome": undefined,
      "point": {
        "x": -3.0258,
        "y": 3.1694,
        "z": -7.4001,
      },
      "source": 1,
      "surface": undefined,
      "target": undefined,
      "type": "shot",
    },
    {
      "arrowId": undefined,
      "direction": {
        "x": 0,
        "y": -1,
        "z": 0,
      },
      "kind": undefined,
      "outcome": undefined,
      "point": {
        "x": -2.4576,
        "y": 1.1416,
        "z": -8,
      },
      "source": 1,
      "surface": undefined,
      "target": undefined,
      "type": "land",
    },
    {
      "arrowId": 0,
      "direction": null,
      "kind": undefined,
      "outcome": undefined,
      "point": {
        "x": -0.2723,
        "y": 0.045,
        "z": -8.2106,
      },
      "source": 1,
      "surface": undefined,
      "target": undefined,
      "type": "pickup",
    },
    {
      "arrowId": 1,
      "direction": {
        "x": 0.0114,
        "y": -0.525,
        "z": 0.851,
      },
      "kind": "arrow",
      "outcome": "landed",
      "point": {
        "x": -2.8199,
        "y": 0,
        "z": 8.0125,
      },
      "source": 1,
      "surface": "court",
      "target": undefined,
      "type": "impact",
    },
    {
      "arrowId": undefined,
      "direction": {
        "x": 1,
        "y": 0,
        "z": 0,
      },
      "kind": undefined,
      "outcome": undefined,
      "point": {
        "x": 2.3873,
        "y": 1.01,
        "z": -8,
      },
      "source": 1,
      "surface": undefined,
      "target": undefined,
      "type": "dash",
    },
    {
      "arrowId": 0,
      "direction": {
        "x": -0.059,
        "y": 0.2079,
        "z": 0.9764,
      },
      "kind": "arrow",
      "outcome": undefined,
      "point": {
        "x": 3.2794,
        "y": 1.6099,
        "z": -7.4011,
      },
      "source": 1,
      "surface": undefined,
      "target": undefined,
      "type": "shot",
    },
    {
      "arrowId": 0,
      "direction": {
        "x": -0.0558,
        "y": -0.3809,
        "z": 0.9229,
      },
      "kind": "arrow",
      "outcome": "landed",
      "point": {
        "x": 2.3484,
        "y": 0,
        "z": 7.9949,
      },
      "source": 1,
      "surface": "court",
      "target": undefined,
      "type": "impact",
    },
    {
      "arrowId": 1,
      "direction": null,
      "kind": undefined,
      "outcome": undefined,
      "point": {
        "x": -2.8199,
        "y": 0.045,
        "z": 8.0125,
      },
      "source": 0,
      "surface": undefined,
      "target": undefined,
      "type": "pickup",
    },
    {
      "arrowId": undefined,
      "direction": {
        "x": 0,
        "y": -1,
        "z": 0,
      },
      "kind": undefined,
      "outcome": undefined,
      "point": {
        "x": 1.3559,
        "y": 1.1411,
        "z": -8.0001,
      },
      "source": 1,
      "surface": undefined,
      "target": undefined,
      "type": "land",
    },
    {
      "arrowId": undefined,
      "direction": {
        "x": 0.2038,
        "y": 0,
        "z": 0.979,
      },
      "kind": undefined,
      "outcome": undefined,
      "point": {
        "x": -2.8046,
        "y": 1.0101,
        "z": -8,
      },
      "source": 1,
      "surface": undefined,
      "target": undefined,
      "type": "dash",
    },
    {
      "arrowId": 1,
      "direction": {
        "x": -0.3048,
        "y": 0.2079,
        "z": -0.9294,
      },
      "kind": "arrow",
      "outcome": undefined,
      "point": {
        "x": 2.19,
        "y": 1.61,
        "z": 7.4299,
      },
      "source": 0,
      "surface": undefined,
      "target": undefined,
      "type": "shot",
    },
    {
      "arrowId": 0,
      "direction": null,
      "kind": undefined,
      "outcome": undefined,
      "point": {
        "x": 2.3484,
        "y": 0.045,
        "z": 7.9949,
      },
      "source": 0,
      "surface": undefined,
      "target": undefined,
      "type": "pickup",
    },
    {
      "arrowId": 1,
      "direction": {
        "x": -0.2875,
        "y": -0.3858,
        "z": -0.8766,
      },
      "kind": "arrow",
      "outcome": "landed",
      "point": {
        "x": -2.7194,
        "y": 0,
        "z": -7.5413,
      },
      "source": 0,
      "surface": "court",
      "target": undefined,
      "type": "impact",
    },
    {
      "arrowId": undefined,
      "direction": {
        "x": 0,
        "y": -1,
        "z": 0,
      },
      "kind": undefined,
      "outcome": undefined,
      "point": {
        "x": 0.397,
        "y": 1.1408,
        "z": -8.2692,
      },
      "source": 1,
      "surface": undefined,
      "target": undefined,
      "type": "land",
    },
    {
      "arrowId": 0,
      "direction": {
        "x": 0.324,
        "y": 0.2079,
        "z": -0.9229,
      },
      "kind": "arrow",
      "outcome": undefined,
      "point": {
        "x": -2.6154,
        "y": 1.6094,
        "z": 7.4338,
      },
      "source": 0,
      "surface": undefined,
      "target": undefined,
      "type": "shot",
    },
    {
      "arrowId": undefined,
      "direction": {
        "x": -1,
        "y": 0,
        "z": 0.0059,
      },
      "kind": undefined,
      "outcome": undefined,
      "point": {
        "x": 2.8035,
        "y": 1.0097,
        "z": -8.0012,
      },
      "source": 1,
      "surface": undefined,
      "target": undefined,
      "type": "dash",
    },
    {
      "arrowId": 0,
      "direction": {
        "x": 0.3068,
        "y": -0.3769,
        "z": -0.874,
      },
      "kind": "arrow",
      "outcome": "landed",
      "point": {
        "x": 2.8309,
        "y": 0,
        "z": -8.0791,
      },
      "source": 0,
      "surface": "court",
      "target": undefined,
      "type": "impact",
    },
    {
      "arrowId": undefined,
      "direction": {
        "x": 0,
        "y": -1,
        "z": 0,
      },
      "kind": undefined,
      "outcome": undefined,
      "point": {
        "x": -1.5276,
        "y": 1.141,
        "z": -8.0075,
      },
      "source": 1,
      "surface": undefined,
      "target": undefined,
      "type": "land",
    },
    {
      "arrowId": 1,
      "direction": null,
      "kind": undefined,
      "outcome": undefined,
      "point": {
        "x": -2.7194,
        "y": 0.045,
        "z": -7.5413,
      },
      "source": 1,
      "surface": undefined,
      "target": undefined,
      "type": "pickup",
    },
    {
      "arrowId": undefined,
      "direction": {
        "x": 1,
        "y": 0,
        "z": 0.0003,
      },
      "kind": undefined,
      "outcome": undefined,
      "point": {
        "x": -1.9621,
        "y": 1.0098,
        "z": -8.0001,
      },
      "source": 1,
      "surface": undefined,
      "target": undefined,
      "type": "dash",
    },
    {
      "arrowId": 1,
      "direction": {
        "x": -0.1484,
        "y": 0.2079,
        "z": 0.9668,
      },
      "kind": "arrow",
      "outcome": undefined,
      "point": {
        "x": -0.4638,
        "y": 1.6099,
        "z": -7.407,
      },
      "source": 1,
      "surface": undefined,
      "target": undefined,
      "type": "shot",
    },
    {
      "arrowId": 0,
      "direction": null,
      "kind": undefined,
      "outcome": undefined,
      "point": {
        "x": 2.8309,
        "y": 0.045,
        "z": -8.0791,
      },
      "source": 1,
      "surface": undefined,
      "target": undefined,
      "type": "pickup",
    },
    {
      "arrowId": 1,
      "direction": {
        "x": -0.14,
        "y": -0.3844,
        "z": 0.9125,
      },
      "kind": "arrow",
      "outcome": "landed",
      "point": {
        "x": -2.8392,
        "y": 0,
        "z": 8.0736,
      },
      "source": 1,
      "surface": "court",
      "target": undefined,
      "type": "impact",
    },
    {
      "arrowId": undefined,
      "direction": {
        "x": 0,
        "y": -1,
        "z": 0,
      },
      "kind": undefined,
      "outcome": undefined,
      "point": {
        "x": 2.9709,
        "y": 1.1412,
        "z": -8.0001,
      },
      "source": 1,
      "surface": undefined,
      "target": undefined,
      "type": "land",
    },
    {
      "arrowId": 0,
      "direction": {
        "x": 0.0538,
        "y": 0.2079,
        "z": 0.9767,
      },
      "kind": "arrow",
      "outcome": undefined,
      "point": {
        "x": 1.6971,
        "y": 1.61,
        "z": -7.4009,
      },
      "source": 1,
      "surface": undefined,
      "target": undefined,
      "type": "shot",
    },
    {
      "arrowId": undefined,
      "direction": {
        "x": -1,
        "y": 0,
        "z": 0,
      },
      "kind": undefined,
      "outcome": undefined,
      "point": {
        "x": 0.6583,
        "y": 1.0101,
        "z": -8,
      },
      "source": 1,
      "surface": undefined,
      "target": undefined,
      "type": "dash",
    },
    {
      "arrowId": 0,
      "direction": {
        "x": 0.0508,
        "y": -0.3811,
        "z": 0.9231,
      },
      "kind": "arrow",
      "outcome": "landed",
      "point": {
        "x": 2.5448,
        "y": 0,
        "z": 7.9926,
      },
      "source": 1,
      "surface": "court",
      "target": undefined,
      "type": "impact",
    },
    {
      "arrowId": 1,
      "direction": null,
      "kind": undefined,
      "outcome": undefined,
      "point": {
        "x": -2.8392,
        "y": 0.045,
        "z": 8.0736,
      },
      "source": 0,
      "surface": undefined,
      "target": undefined,
      "type": "pickup",
    },
    {
      "arrowId": undefined,
      "direction": {
        "x": 0,
        "y": -1,
        "z": 0,
      },
      "kind": undefined,
      "outcome": undefined,
      "point": {
        "x": -3.3998,
        "y": 1.1412,
        "z": -8,
      },
      "source": 1,
      "surface": undefined,
      "target": undefined,
      "type": "land",
    },
    {
      "arrowId": 1,
      "direction": {
        "x": -0.1483,
        "y": 0.2079,
        "z": -0.9668,
      },
      "kind": "arrow",
      "outcome": undefined,
      "point": {
        "x": 2.0903,
        "y": 1.6099,
        "z": 7.4066,
      },
      "source": 0,
      "surface": undefined,
      "target": undefined,
      "type": "shot",
    },
    {
      "arrowId": 0,
      "direction": null,
      "kind": undefined,
      "outcome": undefined,
      "point": {
        "x": 2.5448,
        "y": 0.045,
        "z": 7.9926,
      },
      "source": 0,
      "surface": undefined,
      "target": undefined,
      "type": "pickup",
    },
    {
      "arrowId": undefined,
      "direction": {
        "x": 1,
        "y": 0,
        "z": 0.0001,
      },
      "kind": undefined,
      "outcome": undefined,
      "point": {
        "x": 0.7947,
        "y": 1.0099,
        "z": -8,
      },
      "source": 1,
      "surface": undefined,
      "target": undefined,
      "type": "dash",
    },
    {
      "arrowId": 1,
      "direction": {
        "x": -0.1399,
        "y": -0.3844,
        "z": -0.9125,
      },
      "kind": "arrow",
      "outcome": "landed",
      "point": {
        "x": -0.2839,
        "y": 0,
        "z": -8.0736,
      },
      "source": 0,
      "surface": "court",
      "target": undefined,
      "type": "impact",
    },
    {
      "arrowId": undefined,
      "direction": {
        "x": 0,
        "y": -1,
        "z": 0,
      },
      "kind": undefined,
      "outcome": undefined,
      "point": {
        "x": 2.7347,
        "y": 1.1411,
        "z": -8.0001,
      },
      "source": 1,
      "surface": undefined,
      "target": undefined,
      "type": "land",
    },
    {
      "arrowId": 0,
      "direction": {
        "x": 0.2512,
        "y": 0.2079,
        "z": -0.9453,
      },
      "kind": "arrow",
      "outcome": undefined,
      "point": {
        "x": -2.6603,
        "y": 1.61,
        "z": 7.42,
      },
      "source": 0,
      "surface": undefined,
      "target": undefined,
      "type": "shot",
    },
    {
      "arrowId": 1,
      "direction": null,
      "kind": undefined,
      "outcome": undefined,
      "point": {
        "x": -0.2839,
        "y": 0.045,
        "z": -8.0736,
      },
      "source": 1,
      "surface": undefined,
      "target": undefined,
      "type": "pickup",
    },
    {
      "arrowId": 0,
      "direction": {
        "x": 0.2378,
        "y": -0.3779,
        "z": -0.8948,
      },
      "kind": "arrow",
      "outcome": "landed",
      "point": {
        "x": 1.4426,
        "y": 0,
        "z": -8.0195,
      },
      "source": 0,
      "surface": "court",
      "target": undefined,
      "type": "impact",
    },
    {
      "arrowId": undefined,
      "direction": {
        "x": -1,
        "y": 0,
        "z": -0.0001,
      },
      "kind": undefined,
      "outcome": undefined,
      "point": {
        "x": -2.0544,
        "y": 1.0101,
        "z": -8,
      },
      "source": 1,
      "surface": undefined,
      "target": undefined,
      "type": "dash",
    },
    {
      "arrowId": 1,
      "direction": {
        "x": 0.3092,
        "y": 0.2079,
        "z": 0.928,
      },
      "kind": "arrow",
      "outcome": undefined,
      "point": {
        "x": -2.9914,
        "y": 1.6101,
        "z": -7.431,
      },
      "source": 1,
      "surface": undefined,
      "target": undefined,
      "type": "shot",
    },
    {
      "arrowId": 1,
      "direction": {
        "x": 0.2935,
        "y": -0.3714,
        "z": 0.8809,
      },
      "kind": "arrow",
      "outcome": "eliminated",
      "point": {
        "x": 2.0193,
        "y": 0.1674,
        "z": 7.695,
      },
      "source": 1,
      "surface": "unit",
      "target": 0,
      "type": "impact",
    },
    {
      "arrowId": undefined,
      "direction": {
        "x": 0,
        "y": -1,
        "z": 0,
      },
      "kind": undefined,
      "outcome": undefined,
      "point": {
        "x": -1.7894,
        "y": 1.1411,
        "z": -7.9997,
      },
      "source": 1,
      "surface": undefined,
      "target": undefined,
      "type": "land",
    },
  ],
  "guestPositions": [
    {
      "alive": false,
      "id": "host",
      "position": {
        "x": 2.1268,
        "y": 1.0101,
        "z": 8.0189,
      },
    },
    {
      "alive": true,
      "id": "guest",
      "position": {
        "x": 1.9105,
        "y": 1.0107,
        "z": -8,
      },
    },
  ],
  "hostFacts": [
    {
      "arrowId": 0,
      "direction": {
        "x": -0.1522,
        "y": 0.2079,
        "z": -0.9662,
      },
      "kind": "arrow",
      "outcome": undefined,
      "point": {
        "x": 2.187,
        "y": 1.6034,
        "z": 7.4073,
      },
      "source": 0,
      "surface": undefined,
      "target": undefined,
      "type": "shot",
    },
    {
      "arrowId": undefined,
      "direction": {
        "x": -1,
        "y": 0,
        "z": 0,
      },
      "kind": undefined,
      "outcome": undefined,
      "point": {
        "x": -1.2741,
        "y": 1.0052,
        "z": -8,
      },
      "source": 1,
      "surface": undefined,
      "target": undefined,
      "type": "dash",
    },
    {
      "arrowId": 0,
      "direction": {
        "x": -0.1436,
        "y": -0.3841,
        "z": -0.9121,
      },
      "kind": "arrow",
      "outcome": "landed",
      "point": {
        "x": -0.2723,
        "y": 0,
        "z": -8.2106,
      },
      "source": 0,
      "surface": "court",
      "target": undefined,
      "type": "impact",
    },
    {
      "arrowId": 1,
      "direction": {
        "x": 0.0131,
        "y": 0.2079,
        "z": 0.9781,
      },
      "kind": "arrow",
      "outcome": undefined,
      "point": {
        "x": -3.0258,
        "y": 3.1694,
        "z": -7.4001,
      },
      "source": 1,
      "surface": undefined,
      "target": undefined,
      "type": "shot",
    },
    {
      "arrowId": undefined,
      "direction": {
        "x": 0,
        "y": -1,
        "z": 0,
      },
      "kind": undefined,
      "outcome": undefined,
      "point": {
        "x": -2.4576,
        "y": 1.1416,
        "z": -8,
      },
      "source": 1,
      "surface": undefined,
      "target": undefined,
      "type": "land",
    },
    {
      "arrowId": 0,
      "direction": null,
      "kind": undefined,
      "outcome": undefined,
      "point": {
        "x": -0.2723,
        "y": 0.045,
        "z": -8.2106,
      },
      "source": 1,
      "surface": undefined,
      "target": undefined,
      "type": "pickup",
    },
    {
      "arrowId": 1,
      "direction": {
        "x": 0.0114,
        "y": -0.525,
        "z": 0.851,
      },
      "kind": "arrow",
      "outcome": "landed",
      "point": {
        "x": -2.8199,
        "y": 0,
        "z": 8.0125,
      },
      "source": 1,
      "surface": "court",
      "target": undefined,
      "type": "impact",
    },
    {
      "arrowId": undefined,
      "direction": {
        "x": 1,
        "y": 0,
        "z": 0,
      },
      "kind": undefined,
      "outcome": undefined,
      "point": {
        "x": 2.3873,
        "y": 1.01,
        "z": -8,
      },
      "source": 1,
      "surface": undefined,
      "target": undefined,
      "type": "dash",
    },
    {
      "arrowId": 0,
      "direction": {
        "x": -0.059,
        "y": 0.2079,
        "z": 0.9764,
      },
      "kind": "arrow",
      "outcome": undefined,
      "point": {
        "x": 3.2794,
        "y": 1.6099,
        "z": -7.4011,
      },
      "source": 1,
      "surface": undefined,
      "target": undefined,
      "type": "shot",
    },
    {
      "arrowId": 0,
      "direction": {
        "x": -0.0558,
        "y": -0.3809,
        "z": 0.9229,
      },
      "kind": "arrow",
      "outcome": "landed",
      "point": {
        "x": 2.3484,
        "y": 0,
        "z": 7.9949,
      },
      "source": 1,
      "surface": "court",
      "target": undefined,
      "type": "impact",
    },
    {
      "arrowId": 1,
      "direction": null,
      "kind": undefined,
      "outcome": undefined,
      "point": {
        "x": -2.8199,
        "y": 0.045,
        "z": 8.0125,
      },
      "source": 0,
      "surface": undefined,
      "target": undefined,
      "type": "pickup",
    },
    {
      "arrowId": undefined,
      "direction": {
        "x": 0,
        "y": -1,
        "z": 0,
      },
      "kind": undefined,
      "outcome": undefined,
      "point": {
        "x": 1.3559,
        "y": 1.1411,
        "z": -8.0001,
      },
      "source": 1,
      "surface": undefined,
      "target": undefined,
      "type": "land",
    },
    {
      "arrowId": undefined,
      "direction": {
        "x": 0.2038,
        "y": 0,
        "z": 0.979,
      },
      "kind": undefined,
      "outcome": undefined,
      "point": {
        "x": -2.8046,
        "y": 1.0101,
        "z": -8,
      },
      "source": 1,
      "surface": undefined,
      "target": undefined,
      "type": "dash",
    },
    {
      "arrowId": 1,
      "direction": {
        "x": -0.3048,
        "y": 0.2079,
        "z": -0.9294,
      },
      "kind": "arrow",
      "outcome": undefined,
      "point": {
        "x": 2.19,
        "y": 1.61,
        "z": 7.4299,
      },
      "source": 0,
      "surface": undefined,
      "target": undefined,
      "type": "shot",
    },
    {
      "arrowId": 0,
      "direction": null,
      "kind": undefined,
      "outcome": undefined,
      "point": {
        "x": 2.3484,
        "y": 0.045,
        "z": 7.9949,
      },
      "source": 0,
      "surface": undefined,
      "target": undefined,
      "type": "pickup",
    },
    {
      "arrowId": 1,
      "direction": {
        "x": -0.2875,
        "y": -0.3858,
        "z": -0.8766,
      },
      "kind": "arrow",
      "outcome": "landed",
      "point": {
        "x": -2.7194,
        "y": 0,
        "z": -7.5413,
      },
      "source": 0,
      "surface": "court",
      "target": undefined,
      "type": "impact",
    },
    {
      "arrowId": undefined,
      "direction": {
        "x": 0,
        "y": -1,
        "z": 0,
      },
      "kind": undefined,
      "outcome": undefined,
      "point": {
        "x": 0.397,
        "y": 1.1408,
        "z": -8.2692,
      },
      "source": 1,
      "surface": undefined,
      "target": undefined,
      "type": "land",
    },
    {
      "arrowId": 0,
      "direction": {
        "x": 0.324,
        "y": 0.2079,
        "z": -0.9229,
      },
      "kind": "arrow",
      "outcome": undefined,
      "point": {
        "x": -2.6154,
        "y": 1.6094,
        "z": 7.4338,
      },
      "source": 0,
      "surface": undefined,
      "target": undefined,
      "type": "shot",
    },
    {
      "arrowId": undefined,
      "direction": {
        "x": -1,
        "y": 0,
        "z": 0.0059,
      },
      "kind": undefined,
      "outcome": undefined,
      "point": {
        "x": 2.8035,
        "y": 1.0097,
        "z": -8.0012,
      },
      "source": 1,
      "surface": undefined,
      "target": undefined,
      "type": "dash",
    },
    {
      "arrowId": 0,
      "direction": {
        "x": 0.3068,
        "y": -0.3769,
        "z": -0.874,
      },
      "kind": "arrow",
      "outcome": "landed",
      "point": {
        "x": 2.8309,
        "y": 0,
        "z": -8.0791,
      },
      "source": 0,
      "surface": "court",
      "target": undefined,
      "type": "impact",
    },
    {
      "arrowId": undefined,
      "direction": {
        "x": 0,
        "y": -1,
        "z": 0,
      },
      "kind": undefined,
      "outcome": undefined,
      "point": {
        "x": -1.5276,
        "y": 1.141,
        "z": -8.0075,
      },
      "source": 1,
      "surface": undefined,
      "target": undefined,
      "type": "land",
    },
    {
      "arrowId": 1,
      "direction": null,
      "kind": undefined,
      "outcome": undefined,
      "point": {
        "x": -2.7194,
        "y": 0.045,
        "z": -7.5413,
      },
      "source": 1,
      "surface": undefined,
      "target": undefined,
      "type": "pickup",
    },
    {
      "arrowId": undefined,
      "direction": {
        "x": 1,
        "y": 0,
        "z": 0.0003,
      },
      "kind": undefined,
      "outcome": undefined,
      "point": {
        "x": -1.9621,
        "y": 1.0098,
        "z": -8.0001,
      },
      "source": 1,
      "surface": undefined,
      "target": undefined,
      "type": "dash",
    },
    {
      "arrowId": 1,
      "direction": {
        "x": -0.1484,
        "y": 0.2079,
        "z": 0.9668,
      },
      "kind": "arrow",
      "outcome": undefined,
      "point": {
        "x": -0.4638,
        "y": 1.6099,
        "z": -7.407,
      },
      "source": 1,
      "surface": undefined,
      "target": undefined,
      "type": "shot",
    },
    {
      "arrowId": 0,
      "direction": null,
      "kind": undefined,
      "outcome": undefined,
      "point": {
        "x": 2.8309,
        "y": 0.045,
        "z": -8.0791,
      },
      "source": 1,
      "surface": undefined,
      "target": undefined,
      "type": "pickup",
    },
    {
      "arrowId": 1,
      "direction": {
        "x": -0.14,
        "y": -0.3844,
        "z": 0.9125,
      },
      "kind": "arrow",
      "outcome": "landed",
      "point": {
        "x": -2.8392,
        "y": 0,
        "z": 8.0736,
      },
      "source": 1,
      "surface": "court",
      "target": undefined,
      "type": "impact",
    },
    {
      "arrowId": undefined,
      "direction": {
        "x": 0,
        "y": -1,
        "z": 0,
      },
      "kind": undefined,
      "outcome": undefined,
      "point": {
        "x": 2.9709,
        "y": 1.1412,
        "z": -8.0001,
      },
      "source": 1,
      "surface": undefined,
      "target": undefined,
      "type": "land",
    },
    {
      "arrowId": 0,
      "direction": {
        "x": 0.0538,
        "y": 0.2079,
        "z": 0.9767,
      },
      "kind": "arrow",
      "outcome": undefined,
      "point": {
        "x": 1.6971,
        "y": 1.61,
        "z": -7.4009,
      },
      "source": 1,
      "surface": undefined,
      "target": undefined,
      "type": "shot",
    },
    {
      "arrowId": undefined,
      "direction": {
        "x": -1,
        "y": 0,
        "z": 0,
      },
      "kind": undefined,
      "outcome": undefined,
      "point": {
        "x": 0.6583,
        "y": 1.0101,
        "z": -8,
      },
      "source": 1,
      "surface": undefined,
      "target": undefined,
      "type": "dash",
    },
    {
      "arrowId": 0,
      "direction": {
        "x": 0.0508,
        "y": -0.3811,
        "z": 0.9231,
      },
      "kind": "arrow",
      "outcome": "landed",
      "point": {
        "x": 2.5448,
        "y": 0,
        "z": 7.9926,
      },
      "source": 1,
      "surface": "court",
      "target": undefined,
      "type": "impact",
    },
    {
      "arrowId": 1,
      "direction": null,
      "kind": undefined,
      "outcome": undefined,
      "point": {
        "x": -2.8392,
        "y": 0.045,
        "z": 8.0736,
      },
      "source": 0,
      "surface": undefined,
      "target": undefined,
      "type": "pickup",
    },
    {
      "arrowId": undefined,
      "direction": {
        "x": 0,
        "y": -1,
        "z": 0,
      },
      "kind": undefined,
      "outcome": undefined,
      "point": {
        "x": -3.3998,
        "y": 1.1412,
        "z": -8,
      },
      "source": 1,
      "surface": undefined,
      "target": undefined,
      "type": "land",
    },
    {
      "arrowId": 1,
      "direction": {
        "x": -0.1483,
        "y": 0.2079,
        "z": -0.9668,
      },
      "kind": "arrow",
      "outcome": undefined,
      "point": {
        "x": 2.0903,
        "y": 1.6099,
        "z": 7.4066,
      },
      "source": 0,
      "surface": undefined,
      "target": undefined,
      "type": "shot",
    },
    {
      "arrowId": 0,
      "direction": null,
      "kind": undefined,
      "outcome": undefined,
      "point": {
        "x": 2.5448,
        "y": 0.045,
        "z": 7.9926,
      },
      "source": 0,
      "surface": undefined,
      "target": undefined,
      "type": "pickup",
    },
    {
      "arrowId": undefined,
      "direction": {
        "x": 1,
        "y": 0,
        "z": 0.0001,
      },
      "kind": undefined,
      "outcome": undefined,
      "point": {
        "x": 0.7947,
        "y": 1.0099,
        "z": -8,
      },
      "source": 1,
      "surface": undefined,
      "target": undefined,
      "type": "dash",
    },
    {
      "arrowId": 1,
      "direction": {
        "x": -0.1399,
        "y": -0.3844,
        "z": -0.9125,
      },
      "kind": "arrow",
      "outcome": "landed",
      "point": {
        "x": -0.2839,
        "y": 0,
        "z": -8.0736,
      },
      "source": 0,
      "surface": "court",
      "target": undefined,
      "type": "impact",
    },
    {
      "arrowId": undefined,
      "direction": {
        "x": 0,
        "y": -1,
        "z": 0,
      },
      "kind": undefined,
      "outcome": undefined,
      "point": {
        "x": 2.7347,
        "y": 1.1411,
        "z": -8.0001,
      },
      "source": 1,
      "surface": undefined,
      "target": undefined,
      "type": "land",
    },
    {
      "arrowId": 0,
      "direction": {
        "x": 0.2512,
        "y": 0.2079,
        "z": -0.9453,
      },
      "kind": "arrow",
      "outcome": undefined,
      "point": {
        "x": -2.6603,
        "y": 1.61,
        "z": 7.42,
      },
      "source": 0,
      "surface": undefined,
      "target": undefined,
      "type": "shot",
    },
    {
      "arrowId": 1,
      "direction": null,
      "kind": undefined,
      "outcome": undefined,
      "point": {
        "x": -0.2839,
        "y": 0.045,
        "z": -8.0736,
      },
      "source": 1,
      "surface": undefined,
      "target": undefined,
      "type": "pickup",
    },
    {
      "arrowId": 0,
      "direction": {
        "x": 0.2378,
        "y": -0.3779,
        "z": -0.8948,
      },
      "kind": "arrow",
      "outcome": "landed",
      "point": {
        "x": 1.4426,
        "y": 0,
        "z": -8.0195,
      },
      "source": 0,
      "surface": "court",
      "target": undefined,
      "type": "impact",
    },
    {
      "arrowId": undefined,
      "direction": {
        "x": -1,
        "y": 0,
        "z": -0.0001,
      },
      "kind": undefined,
      "outcome": undefined,
      "point": {
        "x": -2.0544,
        "y": 1.0101,
        "z": -8,
      },
      "source": 1,
      "surface": undefined,
      "target": undefined,
      "type": "dash",
    },
    {
      "arrowId": 1,
      "direction": {
        "x": 0.3092,
        "y": 0.2079,
        "z": 0.928,
      },
      "kind": "arrow",
      "outcome": undefined,
      "point": {
        "x": -2.9914,
        "y": 1.6101,
        "z": -7.431,
      },
      "source": 1,
      "surface": undefined,
      "target": undefined,
      "type": "shot",
    },
    {
      "arrowId": 1,
      "direction": {
        "x": 0.2935,
        "y": -0.3714,
        "z": 0.8809,
      },
      "kind": "arrow",
      "outcome": "eliminated",
      "point": {
        "x": 2.0193,
        "y": 0.1674,
        "z": 7.695,
      },
      "source": 1,
      "surface": "unit",
      "target": 0,
      "type": "impact",
    },
    {
      "arrowId": undefined,
      "direction": {
        "x": 0,
        "y": -1,
        "z": 0,
      },
      "kind": undefined,
      "outcome": undefined,
      "point": {
        "x": -1.7894,
        "y": 1.1411,
        "z": -7.9997,
      },
      "source": 1,
      "surface": undefined,
      "target": undefined,
      "type": "land",
    },
  ],
  "hostPositions": [
    {
      "alive": false,
      "id": "host",
      "position": {
        "x": 2.1268,
        "y": 1.0101,
        "z": 8.0189,
      },
    },
    {
      "alive": true,
      "id": "guest",
      "position": {
        "x": 2.1009,
        "y": 1.0103,
        "z": -8,
      },
    },
  ],
  "phase": "roundOver",
  "ticks": 1694,
  "winner": "B",
  "wins": {
    "A": 0,
    "B": 1,
  },
}
`;
